{
  "population": 291,
  "covered": 81,
  "coverage": 0.27835051546391754,
  "flag_metrics_all": {
    "tp": 1,
    "fp": 0,
    "fn_including_abstentions": 15,
    "tn_emitted": 80,
    "support": 16,
    "precision": 1.0,
    "recall": 0.0625,
    "f1": 0.11764705882352941
  },
  "whole_row_accuracy_covered": 1.0,
  "confidence_groups": {
    "h1_supported:elided:0": {
      "n": 34,
      "successes": 34,
      "whole_row_accuracy": 1.0,
      "mean_confidence": 0.9,
      "brier_score": 0.009999999999999995
    },
    "h1_supported:explicit:0": {
      "n": 46,
      "successes": 46,
      "whole_row_accuracy": 1.0,
      "mean_confidence": 0.95,
      "brier_score": 0.0025000000000000044
    },
    "sparse:elided:1": {
      "n": 1,
      "successes": 1,
      "whole_row_accuracy": 1.0,
      "mean_confidence": 0.65,
      "brier_score": 0.12249999999999998
    }
  }
}
